// Jest Snapshot v1, https://goo.gl/fbAQLP

exports[`CoreIcon.vue renders correctly 1`] = `
<img
  alt="Icon"
  class="icon"
  height="24px"
  src="test-icon.png"
  width="24px"
/>
`;
