// Jest Snapshot v1, https://goo.gl/fbAQLP

exports[`TodoList.vue renders correctly with initial state 1`] = `
<div
  class="list"
>
  
  <todo-item-stub
    content="Task 1"
    id="1"
    iscompleted="false"
  />
  <todo-item-stub
    content="Task 2"
    id="2"
    iscompleted="true"
  />
  
  <filter-bar-stub />
</div>
`;
