// Jest Snapshot v1, https://goo.gl/fbAQLP

exports[`FooterBar.vue renders correctly 1`] = `
<footer
  class="container"
  data-testid="FooterBar"
>
   drag and drop to reorder list 
</footer>
`;
